using System;
using System.Collections.Generic;
using System.Linq;
using System.Text;
using System.Threading.Tasks;

namespace OnlineLinter.Test
{
    class SampleCode_1
    {
    }
}
